[INFO] Scanning for projects...
[INFO] 
[INFO] ------------------------< com.convergence:cms >-------------------------
[INFO] Building cms 0.0.1-SNAPSHOT
[INFO]   from pom.xml
[INFO] --------------------------------[ jar ]---------------------------------
[INFO] 
[INFO] >>> spring-boot:2.7.18:run (default-cli) > test-compile @ cms >>>
[INFO] 
[INFO] --- resources:3.2.0:resources (default-resources) @ cms ---
[INFO] Using 'UTF-8' encoding to copy filtered resources.
[INFO] Using 'UTF-8' encoding to copy filtered properties files.
[INFO] Copying 1 resource
[INFO] Copying 4 resources
[INFO] 
[INFO] --- compiler:3.10.1:compile (default-compile) @ cms ---
[INFO] Nothing to compile - all classes are up to date
[INFO] 
[INFO] --- resources:3.2.0:testResources (default-testResources) @ cms ---
[INFO] Using 'UTF-8' encoding to copy filtered resources.
[INFO] Using 'UTF-8' encoding to copy filtered properties files.
[INFO] Copying 1 resource
[INFO] 
[INFO] --- compiler:3.10.1:testCompile (default-testCompile) @ cms ---
[INFO] Nothing to compile - all classes are up to date
[INFO] 
[INFO] <<< spring-boot:2.7.18:run (default-cli) < test-compile @ cms <<<
[INFO] 
[INFO] 
[INFO] --- spring-boot:2.7.18:run (default-cli) @ cms ---
[INFO] Attaching agents: []

  .   ____          _            __ _ _
 /\\ / ___'_ __ _ _(_)_ __  __ _ \ \ \ \
( ( )\___ | '_ | '_| | '_ \/ _` | \ \ \ \
 \\/  ___)| |_)| | | | | || (_| |  ) ) ) )
  '  |____| .__|_| |_|_| |_\__, | / / / /
 =========|_|==============|___/=/_/_/_/
 :: Spring Boot ::               (v2.7.18)

2026-04-27 14:38:39.290  INFO 2820 --- [           main] com.convergence.cms.CmsApplication       : Starting CmsApplication using Java 1.8.0_202 on DESKTOP-BCC5UDA with PID 2820 (C:\Users\RS COMPUTERS\Documents\CMS\target\classes started by Risna Riha in C:\Users\RS COMPUTERS\Documents\CMS)
2026-04-27 14:38:39.294  INFO 2820 --- [           main] com.convergence.cms.CmsApplication       : No active profile set, falling back to 1 default profile: "default"
2026-04-27 14:38:40.491  INFO 2820 --- [           main] .s.d.r.c.RepositoryConfigurationDelegate : Bootstrapping Spring Data JPA repositories in DEFAULT mode.
2026-04-27 14:38:40.598  INFO 2820 --- [           main] .s.d.r.c.RepositoryConfigurationDelegate : Finished Spring Data repository scanning in 90 ms. Found 4 JPA repository interfaces.
2026-04-27 14:38:42.109  INFO 2820 --- [           main] o.s.b.w.embedded.tomcat.TomcatWebServer  : Tomcat initialized with port(s): 8082 (http)
2026-04-27 14:38:42.127  INFO 2820 --- [           main] o.apache.catalina.core.StandardService   : Starting service [Tomcat]
2026-04-27 14:38:42.127  INFO 2820 --- [           main] org.apache.catalina.core.StandardEngine  : Starting Servlet engine: [Apache Tomcat/9.0.83]
2026-04-27 14:38:42.391  INFO 2820 --- [           main] o.a.c.c.C.[Tomcat].[localhost].[/]       : Initializing Spring embedded WebApplicationContext
2026-04-27 14:38:42.394  INFO 2820 --- [           main] w.s.c.ServletWebServerApplicationContext : Root WebApplicationContext: initialization completed in 3008 ms
2026-04-27 14:38:42.582  INFO 2820 --- [           main] o.hibernate.jpa.internal.util.LogHelper  : HHH000204: Processing PersistenceUnitInfo [name: default]
2026-04-27 14:38:42.646  INFO 2820 --- [           main] org.hibernate.Version                    : HHH000412: Hibernate ORM core version 5.6.15.Final
2026-04-27 14:38:42.839  INFO 2820 --- [           main] o.hibernate.annotations.common.Version   : HCANN000001: Hibernate Commons Annotations {5.1.2.Final}
2026-04-27 14:38:43.114  INFO 2820 --- [           main] com.zaxxer.hikari.HikariDataSource       : HikariPool-1 - Starting...
2026-04-27 14:38:43.250  INFO 2820 --- [           main] com.zaxxer.hikari.HikariDataSource       : HikariPool-1 - Start completed.
2026-04-27 14:38:43.275  INFO 2820 --- [           main] org.hibernate.dialect.Dialect            : HHH000400: Using dialect: org.hibernate.dialect.MariaDB106Dialect
2026-04-27 14:38:44.513  INFO 2820 --- [           main] o.h.e.t.j.p.i.JtaPlatformInitiator       : HHH000490: Using JtaPlatform implementation: [org.hibernate.engine.transaction.jta.platform.internal.NoJtaPlatform]
2026-04-27 14:38:44.545  INFO 2820 --- [           main] j.LocalContainerEntityManagerFactoryBean : Initialized JPA EntityManagerFactory for persistence unit 'default'
2026-04-27 14:38:45.963  WARN 2820 --- [           main] JpaBaseConfiguration$JpaWebConfiguration : spring.jpa.open-in-view is enabled by default. Therefore, database queries may be performed during view rendering. Explicitly configure spring.jpa.open-in-view to disable this warning
2026-04-27 14:38:46.289  INFO 2820 --- [           main] o.s.b.a.w.s.WelcomePageHandlerMapping    : Adding welcome page: class path resource [static/index.html]
2026-04-27 14:38:46.609  INFO 2820 --- [           main] o.s.b.w.embedded.tomcat.TomcatWebServer  : Tomcat started on port(s): 8082 (http) with context path ''
2026-04-27 14:38:46.625  INFO 2820 --- [           main] com.convergence.cms.CmsApplication       : Started CmsApplication in 8.01 seconds (JVM running for 8.797)
2026-04-27 14:38:55.932  INFO 2820 --- [nio-8082-exec-2] o.a.c.c.C.[Tomcat].[localhost].[/]       : Initializing Spring DispatcherServlet 'dispatcherServlet'
2026-04-27 14:38:55.933  INFO 2820 --- [nio-8082-exec-2] o.s.web.servlet.DispatcherServlet        : Initializing Servlet 'dispatcherServlet'
2026-04-27 14:38:55.936  INFO 2820 --- [nio-8082-exec-2] o.s.web.servlet.DispatcherServlet        : Completed initialization in 2 ms
Hibernate: select customer0_.id as id1_3_, customer0_.dob as dob2_3_, customer0_.name as name3_3_, customer0_.nic as nic4_3_ from customer customer0_ where customer0_.nic=?
Hibernate: select city0_.id as id1_1_, city0_.name as name2_1_ from city city0_ where city0_.name=?
Hibernate: insert into city (name) values (?)
2026-04-27 14:38:56.389  WARN 2820 --- [nio-8082-exec-2] o.m.jdbc.message.server.ErrorPacket      : Error: 1364-HY000: Field 'country_id' doesn't have a default value
2026-04-27 14:38:56.391  WARN 2820 --- [nio-8082-exec-2] o.h.engine.jdbc.spi.SqlExceptionHelper   : SQL Error: 1364, SQLState: HY000
2026-04-27 14:38:56.391 ERROR 2820 --- [nio-8082-exec-2] o.h.engine.jdbc.spi.SqlExceptionHelper   : (conn=85) Field 'country_id' doesn't have a default value
Hibernate: select customer0_.id as id1_3_, customer0_.dob as dob2_3_, customer0_.name as name3_3_, customer0_.nic as nic4_3_ from customer customer0_ where customer0_.nic=?
Hibernate: select city0_.id as id1_1_, city0_.name as name2_1_ from city city0_ where city0_.name=?
Hibernate: insert into city (name) values (?)
2026-04-27 14:48:58.913  WARN 2820 --- [nio-8082-exec-1] o.m.jdbc.message.server.ErrorPacket      : Error: 1364-HY000: Field 'country_id' doesn't have a default value
2026-04-27 14:48:58.914  WARN 2820 --- [nio-8082-exec-1] o.h.engine.jdbc.spi.SqlExceptionHelper   : SQL Error: 1364, SQLState: HY000
2026-04-27 14:48:58.915 ERROR 2820 --- [nio-8082-exec-1] o.h.engine.jdbc.spi.SqlExceptionHelper   : (conn=85) Field 'country_id' doesn't have a default value
[INFO] ------------------------------------------------------------------------
[INFO] BUILD FAILURE
[INFO] ------------------------------------------------------------------------
[INFO] Total time:  11:17 min
[INFO] Finished at: 2026-04-27T14:49:47+05:30
[INFO] ------------------------------------------------------------------------
[ERROR] Failed to execute goal org.springframework.boot:spring-boot-maven-plugin:2.7.18:run (default-cli) on project cms: Application finished with exit code: -1 -> [Help 1]
[ERROR] 
[ERROR] To see the full stack trace of the errors, re-run Maven with the -e switch.
[ERROR] Re-run Maven using the -X switch to enable full debug logging.
[ERROR] 
[ERROR] For more information about the errors and possible solutions, please read the following articles:
[ERROR] [Help 1] http://cwiki.apache.org/confluence/display/MAVEN/MojoExecutionException
